// Jest Snapshot v1, https://goo.gl/fbAQLP

exports[`Nav renders correctly 1`] = `
<div>
  <header
    class="header"
  >
    <div
      class="header__name"
    >
      <a
        class="header__name-link"
        href="/"
      >
        Mark Hernandez
      </a>
    </div>
    <nav
      aria-labelledby="main-nav-label"
      class="header__nav"
    >
      <span
        class="screen-reader"
        id="main-nav-label"
      >
        Main
      </span>
      <ul
        class="header__nav-list"
      >
        <li>
          <a
            class="header__nav-link"
            href="/"
          >
            Home
          </a>
        </li>
        <li>
          <a
            class="header__nav-link"
            href="/about"
          >
            About
          </a>
        </li>
        <li>
          <a
            class="header__nav-link"
            href="/blog"
          >
            Blog
          </a>
        </li>
      </ul>
    </nav>
  </header>
</div>
`;
